10|Load extension
20|Create new function
[TRACE] get_connection: Connection created
21|does not exist
[TRACE] create_function: 'mul2'
22|OK
23|select ?1 * 2
24|10
30|Multiple args
[TRACE] create_function: 'power_sum'
31|OK
32|select (?1 * ?1) + (?2 * ?2)
33|25
34|100
40|Redefine
Error near line 19: Cannot redefine a function
42|select ?1 * 2
50|Clear
[TRACE] create_function_clear
[TRACE] clear_connection
[TRACE] clear_function: 'power_sum'
[TRACE] clear_function: 'mul2'
51|OK
60|Inpsect after clear
61|cleared
62|Redefine after clear
Error near line 28: Cannot redefine a function
70|Non readonly
Error near line 31: Invalid function definition
80|Second clear
[TRACE] create_function_clear
[TRACE] clear_connection
81|OK
90|new func
[TRACE] create_function: 'triple'
91|OK
92|9
100|final clear
[TRACE] create_function_clear
[TRACE] clear_connection
[TRACE] clear_function: 'triple'
101|OK
[TRACE] destroy_connection
[TRACE] clear_connection
[TRACE] destroy_function: 'mul2'
[TRACE] destroy_function: 'power_sum'
[TRACE] destroy_function: 'triple'
